Archive member included to satisfy reference by file (symbol)

C:\Users\renan\Documents\LPCXpresso_8.2.2_650\workspace\Lib_CMSISv1p30_LPC17xx\Debug\libCMSISv1p30_LPC17xx.a(system_LPC17xx.o)
                              ./src/cr_startup_lpc17.o (SystemInit)
C:\Users\renan\Documents\LPCXpresso_8.2.2_650\workspace\Lib_EaBaseBoard\Debug\libLib_EaBaseBoard.a(acc.o)
                              ./src/main.o (acc_init)
C:\Users\renan\Documents\LPCXpresso_8.2.2_650\workspace\Lib_EaBaseBoard\Debug\libLib_EaBaseBoard.a(eeprom.o)
                              ./src/main.o (eeprom_read)
C:\Users\renan\Documents\LPCXpresso_8.2.2_650\workspace\Lib_EaBaseBoard\Debug\libLib_EaBaseBoard.a(joystick.o)
                              ./src/main.o (joystick_init)
C:\Users\renan\Documents\LPCXpresso_8.2.2_650\workspace\Lib_EaBaseBoard\Debug\libLib_EaBaseBoard.a(led7seg.o)
                              ./src/main.o (led7seg_init)
C:\Users\renan\Documents\LPCXpresso_8.2.2_650\workspace\Lib_EaBaseBoard\Debug\libLib_EaBaseBoard.a(oled.o)
                              ./src/main.o (oled_putPixel)
C:\Users\renan\Documents\LPCXpresso_8.2.2_650\workspace\Lib_EaBaseBoard\Debug\libLib_EaBaseBoard.a(pca9532.o)
                              ./src/main.o (pca9532_init)
C:\Users\renan\Documents\LPCXpresso_8.2.2_650\workspace\Lib_EaBaseBoard\Debug\libLib_EaBaseBoard.a(rgb.o)
                              ./src/main.o (rgb_init)
C:\Users\renan\Documents\LPCXpresso_8.2.2_650\workspace\Lib_EaBaseBoard\Debug\libLib_EaBaseBoard.a(rotary.o)
                              ./src/main.o (rotary_init)
C:\Users\renan\Documents\LPCXpresso_8.2.2_650\workspace\Lib_EaBaseBoard\Debug\libLib_EaBaseBoard.a(uart2.o)
                              ./src/main.o (uart2_init)
C:\Users\renan\Documents\LPCXpresso_8.2.2_650\workspace\Lib_EaBaseBoard\Debug\libLib_EaBaseBoard.a(font5x7.o)
                              C:\Users\renan\Documents\LPCXpresso_8.2.2_650\workspace\Lib_EaBaseBoard\Debug\libLib_EaBaseBoard.a(oled.o) (font5x7)
C:\Users\renan\Documents\LPCXpresso_8.2.2_650\workspace\Lib_MCU\Debug\libLib_MCU.a(lpc17xx_adc.o)
                              ./src/main.o (ADC_Init)
C:\Users\renan\Documents\LPCXpresso_8.2.2_650\workspace\Lib_MCU\Debug\libLib_MCU.a(lpc17xx_clkpwr.o)
                              C:\Users\renan\Documents\LPCXpresso_8.2.2_650\workspace\Lib_MCU\Debug\libLib_MCU.a(lpc17xx_adc.o) (CLKPWR_GetPCLK)
C:\Users\renan\Documents\LPCXpresso_8.2.2_650\workspace\Lib_MCU\Debug\libLib_MCU.a(lpc17xx_gpio.o)
                              ./src/main.o (GPIO_SetDir)
C:\Users\renan\Documents\LPCXpresso_8.2.2_650\workspace\Lib_MCU\Debug\libLib_MCU.a(lpc17xx_i2c.o)
                              ./src/main.o (I2C_Init)
C:\Users\renan\Documents\LPCXpresso_8.2.2_650\workspace\Lib_MCU\Debug\libLib_MCU.a(lpc17xx_pinsel.o)
                              ./src/main.o (PINSEL_ConfigPin)
C:\Users\renan\Documents\LPCXpresso_8.2.2_650\workspace\Lib_MCU\Debug\libLib_MCU.a(lpc17xx_ssp.o)
                              ./src/main.o (SSP_Init)
C:\Users\renan\Documents\LPCXpresso_8.2.2_650\workspace\Lib_MCU\Debug\libLib_MCU.a(lpc17xx_timer.o)
                              ./src/main.o (Timer0_Wait)
C:\Users\renan\Documents\LPCXpresso_8.2.2_650\workspace\Lib_MCU\Debug\libLib_MCU.a(lpc17xx_uart.o)
                              ./src/main.o (UART_TxCmd)
c:/nxp/lpcxpresso_8.2.2_650/lpcxpresso/tools/bin/../lib/gcc/arm-none-eabi/5.4.1/armv7-m\libgcc.a(_aeabi_uldivmod.o)
                              C:\Users\renan\Documents\LPCXpresso_8.2.2_650\workspace\Lib_CMSISv1p30_LPC17xx\Debug\libCMSISv1p30_LPC17xx.a(system_LPC17xx.o) (__aeabi_uldivmod)
c:/nxp/lpcxpresso_8.2.2_650/lpcxpresso/tools/bin/../lib/gcc/arm-none-eabi/5.4.1/armv7-m\libgcc.a(_udivmoddi4.o)
                              c:/nxp/lpcxpresso_8.2.2_650/lpcxpresso/tools/bin/../lib/gcc/arm-none-eabi/5.4.1/armv7-m\libgcc.a(_aeabi_uldivmod.o) (__udivmoddi4)
c:/nxp/lpcxpresso_8.2.2_650/lpcxpresso/tools/bin/../lib/gcc/arm-none-eabi/5.4.1/armv7-m\libgcc.a(_dvmd_tls.o)
                              c:/nxp/lpcxpresso_8.2.2_650/lpcxpresso/tools/bin/../lib/gcc/arm-none-eabi/5.4.1/armv7-m\libgcc.a(_aeabi_uldivmod.o) (__aeabi_ldiv0)
c:/nxp/lpcxpresso_8.2.2_650/lpcxpresso/tools/bin/../lib/gcc/arm-none-eabi/5.4.1/../../../../arm-none-eabi/lib/armv7-m\libc.a(lib_a-memcpy.o)
                              C:\Users\renan\Documents\LPCXpresso_8.2.2_650\workspace\Lib_EaBaseBoard\Debug\libLib_EaBaseBoard.a(eeprom.o) (memcpy)
c:/nxp/lpcxpresso_8.2.2_650/lpcxpresso/tools/bin/../lib/gcc/arm-none-eabi/5.4.1/../../../../arm-none-eabi/lib/armv7-m\libc.a(lib_a-memset.o)
                              ./src/main.o (memset)
c:/nxp/lpcxpresso_8.2.2_650/lpcxpresso/tools/bin/../lib/gcc/arm-none-eabi/5.4.1/../../../../arm-none-eabi/lib/armv7-m\libc.a(lib_a-strcat.o)
                              ./src/main.o (strcat)
[...]
Memory Configuration

Name             Origin             Length             Attributes
MFlash512        0x00000000         0x00080000         xr
RamLoc32         0x10000000         0x00008000         xrw
RamAHB32         0x2007c000         0x00008000         xrw
*default*        0x00000000         0xffffffff

Linker script and memory map

LOAD ./src/cr_startup_lpc17.o
LOAD ./src/main.o
LOAD C:\Users\renan\Documents\LPCXpresso_8.2.2_650\workspace\Lib_CMSISv1p30_LPC17xx\Debug\libCMSISv1p30_LPC17xx.a
LOAD C:\Users\renan\Documents\LPCXpresso_8.2.2_650\workspace\Lib_EaBaseBoard\Debug\libLib_EaBaseBoard.a
LOAD C:\Users\renan\Documents\LPCXpresso_8.2.2_650\workspace\Lib_MCU\Debug\libLib_MCU.a
START GROUP
LOAD c:/nxp/lpcxpresso_8.2.2_650/lpcxpresso/tools/bin/../lib/gcc/arm-none-eabi/5.4.1/armv7-m\libgcc.a
LOAD c:/nxp/lpcxpresso_8.2.2_650/lpcxpresso/tools/bin/../lib/gcc/arm-none-eabi/5.4.1/../../../../arm-none-eabi/lib/armv7-m\libc.a
LOAD c:/nxp/lpcxpresso_8.2.2_650/lpcxpresso/tools/bin/../lib/gcc/arm-none-eabi/5.4.1/../../../../arm-none-eabi/lib/armv7-m\libm.a
LOAD c:/nxp/lpcxpresso_8.2.2_650/lpcxpresso/tools/bin/../lib/gcc/arm-none-eabi/5.4.1/../../../../arm-none-eabi/lib/armv7-m\libcr_newlib_semihost.a
END GROUP
                0x00000000                __base_MFlash512 = 0x0
                0x00000000                __base_Flash = 0x0
                0x00080000                __top_MFlash512 = 0x80000
                0x00080000                __top_Flash = 0x80000
                0x10000000                __base_RamLoc32 = 0x10000000
                0x10000000                __base_RAM = 0x10000000
                0x10008000                __top_RamLoc32 = 0x10008000
                0x10008000                __top_RAM = 0x10008000
                0x2007c000                __base_RamAHB32 = 0x2007c000
                0x2007c000                __base_RAM2 = 0x2007c000
                0x20084000                __top_RamAHB32 = 0x20084000
                0x20084000                __top_RAM2 = 0x20084000

.text           0x00000000     0x4960
 FILL mask 0xff
                0x00000000                __vectors_start__ = ABSOLUTE (.)
 *(.isr_vector)
 .isr_vector    0x00000000       0xcc ./src/cr_startup_lpc17.o
                0x00000000                g_pfnVectors
                0x000000cc                . = ALIGN (0x4)
                0x000000cc                __section_table_start = .
                0x000000cc                __data_section_table = .
                0x000000cc        0x4 LONG 0x4968 LOADADDR (.data)
                0x000000d0        0x4 LONG 0x10000000 ADDR (.data)
                0x000000d4        0x4 LONG 0x58 SIZEOF (.data)
                0x000000d8        0x4 LONG 0x4968 LOADADDR (.data_RAM2)
                0x000000dc        0x4 LONG 0x2007c000 ADDR (.data_RAM2)
                0x000000e0        0x4 LONG 0x0 SIZEOF (.data_RAM2)
                0x000000e4                __data_section_table_end = .
                0x000000e4                __bss_section_table = .
                0x000000e4        0x4 LONG 0x10000058 ADDR (.bss)
                0x000000e8        0x4 LONG 0x358 SIZEOF (.bss)
                0x000000ec        0x4 LONG 0x2007c000 ADDR (.bss_RAM2)
                0x000000f0        0x4 LONG 0x0 SIZEOF (.bss_RAM2)
                0x000000f4                __bss_section_table_end = .
                0x000000f4                __section_table_end = .
 *(.after_vectors*)
 *(.text*)
 .text.ResetISR
                0x000000f4       0x58 ./src/cr_startup_lpc17.o
                0x000000f4                ResetISR
 .text.NMI_Handler
                0x0000014c        0x8 ./src/cr_startup_lpc17.o
                0x0000014c                NMI_Handler
 .text.HardFault_Handler
                0x00000154        0x8 ./src/cr_startup_lpc17.o
                0x00000154                HardFault_Handler
 .text.MemManage_Handler
                0x0000015c        0x8 ./src/cr_startup_lpc17.o
                0x0000015c                MemManage_Handler
 .text.BusFault_Handler
                0x00000164        0x8 ./src/cr_startup_lpc17.o
                0x00000164                BusFault_Handler
 .text.UsageFault_Handler
                0x0000016c        0x8 ./src/cr_startup_lpc17.o
                0x0000016c                UsageFault_Handler
 .text.SVCall_Handler
                0x00000174        0x8 ./src/cr_startup_lpc17.o
                0x00000174                SVCall_Handler
 .text.DebugMon_Handler
                0x0000017c        0x8 ./src/cr_startup_lpc17.o
                0x0000017c                DebugMon_Handler
 .text.PendSV_Handler
                0x00000184        0x8 ./src/cr_startup_lpc17.o
                0x00000184                PendSV_Handler
 .text.SysTick_Handler
                0x0000018c        0x8 ./src/cr_startup_lpc17.o
                0x0000018c                SysTick_Handler
 .text.IntDefaultHandler
                0x00000194        0x8 ./src/cr_startup_lpc17.o
                0x00000194                TIMER2_IRQHandler
                0x00000194                RIT_IRQHandler
                0x00000194                I2C0_IRQHandler
                0x00000194                USBActivity_IRQHandler
                0x00000194                PWM1_IRQHandler
                0x00000194                I2C1_IRQHandler
                0x00000194                EINT2_IRQHandler
                0x00000194                UART1_IRQHandler
                0x00000194                EINT3_IRQHandler
                0x00000194                CANActivity_IRQHandler
                0x00000194                TIMER3_IRQHandler
                0x00000194                UART0_IRQHandler
                0x00000194                IntDefaultHandler
                0x00000194                PLL0_IRQHandler
                0x00000194                CAN_IRQHandler
                0x00000194                PLL1_IRQHandler
                0x00000194                SSP0_IRQHandler
                0x00000194                I2S_IRQHandler
                0x00000194                I2C2_IRQHandler
                0x00000194                RTC_IRQHandler
                0x00000194                TIMER0_IRQHandler
                0x00000194                SPI_IRQHandler
                0x00000194                EINT1_IRQHandler
                0x00000194                TIMER1_IRQHandler
                0x00000194                UART2_IRQHandler
                0x00000194                ADC_IRQHandler
                0x00000194                SSP1_IRQHandler
                0x00000194                USB_IRQHandler
                0x00000194                BOD_IRQHandler
                0x00000194                WDT_IRQHandler
                0x00000194                QEI_IRQHandler
                0x00000194                EINT0_IRQHandler
                0x00000194                DMA_IRQHandler
                0x00000194                UART3_IRQHandler
                0x00000194                MCPWM_IRQHandler
                0x00000194                ENET_IRQHandler
 .text.moveBar  0x0000019c       0x80 ./src/main.o
 .text.playNote
                0x0000021c       0x68 ./src/main.o
 .text.getNote  0x00000284       0x4c ./src/main.o
 .text.getDuration
                0x000002d0       0x30 ./src/main.o
 .text.getPause
                0x00000300       0x40 ./src/main.o
 .text.playSong
                0x00000340       0x7c ./src/main.o
 .text.init_ssp
                0x000003bc       0x78 ./src/main.o
 .text.init_i2c
                0x00000434       0x48 ./src/main.o
 .text.init_adc
                0x0000047c       0x50 ./src/main.o
 .text.init_uart
                0x000004cc       0x5c ./src/main.o
 .text.intToString
                0x00000528       0xc8 ./src/main.o
 .text.main     0x000005f0      0x488 ./src/main.o
                0x000005f0                main
 .text.check_failed
                0x00000a78        0xc ./src/main.o
                0x00000a78                check_failed
 .text.SystemInit
                0x00000a84      0x140 C:\Users\renan\Documents\LPCXpresso_8.2.2_650\workspace\Lib_CMSISv1p30_LPC17xx\Debug\libCMSISv1p30_LPC17xx.a(system_LPC17xx.o)
                0x00000a84                SystemInit
 .text.I2CRead  0x00000bc4       0x50 C:\Users\renan\Documents\LPCXpresso_8.2.2_650\workspace\Lib_EaBaseBoard\Debug\libLib_EaBaseBoard.a(acc.o)
 .text.I2CWrite
                0x00000c14       0x50 C:\Users\renan\Documents\LPCXpresso_8.2.2_650\workspace\Lib_EaBaseBoard\Debug\libLib_EaBaseBoard.a(acc.o)
 .text.getStatus
                0x00000c64       0x2c C:\Users\renan\Documents\LPCXpresso_8.2.2_650\workspace\Lib_EaBaseBoard\Debug\libLib_EaBaseBoard.a(acc.o)
 .text.setModeControl
                0x00000c90       0x28 C:\Users\renan\Documents\LPCXpresso_8.2.2_650\workspace\Lib_EaBaseBoard\Debug\libLib_EaBaseBoard.a(acc.o)
 .text.acc_init
                0x00000cb8       0x10 C:\Users\renan\Documents\LPCXpresso_8.2.2_650\workspace\Lib_EaBaseBoard\Debug\libLib_EaBaseBoard.a(acc.o)
                0x00000cb8                acc_init
 .text.acc_read
                0x00000cc8       0x9c C:\Users\renan\Documents\LPCXpresso_8.2.2_650\workspace\Lib_EaBaseBoard\Debug\libLib_EaBaseBoard.a(acc.o)
                0x00000cc8                acc_read
 .text.I2CRead  0x00000d64       0x50 C:\Users\renan\Documents\LPCXpresso_8.2.2_650\workspace\Lib_EaBaseBoard\Debug\libLib_EaBaseBoard.a(eeprom.o)
 .text.I2CWrite
                0x00000db4       0x50 C:\Users\renan\Documents\LPCXpresso_8.2.2_650\workspace\Lib_EaBaseBoard\Debug\libLib_EaBaseBoard.a(eeprom.o)
 .text.eepromDelay
                0x00000e04       0x28 C:\Users\renan\Documents\LPCXpresso_8.2.2_650\workspace\Lib_EaBaseBoard\Debug\libLib_EaBaseBoard.a(eeprom.o)
 .text.eeprom_read
                0x00000e2c       0x84 C:\Users\renan\Documents\LPCXpresso_8.2.2_650\workspace\Lib_EaBaseBoard\Debug\libLib_EaBaseBoard.a(eeprom.o)
                0x00000e2c                eeprom_read
 .text.eeprom_write
                0x00000eb0       0xf4 C:\Users\renan\Documents\LPCXpresso_8.2.2_650\workspace\Lib_EaBaseBoard\Debug\libLib_EaBaseBoard.a(eeprom.o)
                0x00000eb0                eeprom_write
 .text.joystick_init
                0x00000fa4       0x20 C:\Users\renan\Documents\LPCXpresso_8.2.2_650\workspace\Lib_EaBaseBoard\Debug\libLib_EaBaseBoard.a(joystick.o)
                0x00000fa4                joystick_init
 .text.led7seg_init
                0x00000fc4       0x1c C:\Users\renan\Documents\LPCXpresso_8.2.2_650\workspace\Lib_EaBaseBoard\Debug\libLib_EaBaseBoard.a(led7seg.o)
                0x00000fc4                led7seg_init
 .text.writeCommand
                0x00000fe0       0x48 C:\Users\renan\Documents\LPCXpresso_8.2.2_650\workspace\Lib_EaBaseBoard\Debug\libLib_EaBaseBoard.a(oled.o)
 .text.writeDataLen
                0x00001028       0x78 C:\Users\renan\Documents\LPCXpresso_8.2.2_650\workspace\Lib_EaBaseBoard\Debug\libLib_EaBaseBoard.a(oled.o)
 .text.runInitSequence
                0x000010a0       0xd4 C:\Users\renan\Documents\LPCXpresso_8.2.2_650\workspace\Lib_EaBaseBoard\Debug\libLib_EaBaseBoard.a(oled.o)
 .text.oled_init
                0x00001174       0x74 C:\Users\renan\Documents\LPCXpresso_8.2.2_650\workspace\Lib_EaBaseBoard\Debug\libLib_EaBaseBoard.a(oled.o)
                0x00001174                oled_init
 .text.oled_clearScreen
                0x000011e8       0x64 C:\Users\renan\Documents\LPCXpresso_8.2.2_650\workspace\Lib_EaBaseBoard\Debug\libLib_EaBaseBoard.a(oled.o)
                0x000011e8                oled_clearScreen
 .text.I2CWrite
                0x0000124c       0x50 C:\Users\renan\Documents\LPCXpresso_8.2.2_650\workspace\Lib_EaBaseBoard\Debug\libLib_EaBaseBoard.a(pca9532.o)
 .text.setLsStates
                0x0000129c       0xcc C:\Users\renan\Documents\LPCXpresso_8.2.2_650\workspace\Lib_EaBaseBoard\Debug\libLib_EaBaseBoard.a(pca9532.o)
 .text.setLeds  0x00001368       0x70 C:\Users\renan\Documents\LPCXpresso_8.2.2_650\workspace\Lib_EaBaseBoard\Debug\libLib_EaBaseBoard.a(pca9532.o)
 .text.pca9532_init
                0x000013d8        0xc C:\Users\renan\Documents\LPCXpresso_8.2.2_650\workspace\Lib_EaBaseBoard\Debug\libLib_EaBaseBoard.a(pca9532.o)
                0x000013d8                pca9532_init
 .text.pca9532_setLeds
                0x000013e4       0x80 C:\Users\renan\Documents\LPCXpresso_8.2.2_650\workspace\Lib_EaBaseBoard\Debug\libLib_EaBaseBoard.a(pca9532.o)
                0x000013e4                pca9532_setLeds
 .text.rgb_init
                0x00001464       0x28 C:\Users\renan\Documents\LPCXpresso_8.2.2_650\workspace\Lib_EaBaseBoard\Debug\libLib_EaBaseBoard.a(rgb.o)
                0x00001464                rgb_init
 .text.rotary_init
                0x0000148c       0x14 C:\Users\renan\Documents\LPCXpresso_8.2.2_650\workspace\Lib_EaBaseBoard\Debug\libLib_EaBaseBoard.a(rotary.o)
                0x0000148c                rotary_init
 .text.I2CWrite
                0x000014a0       0x50 C:\Users\renan\Documents\LPCXpresso_8.2.2_650\workspace\Lib_EaBaseBoard\Debug\libLib_EaBaseBoard.a(uart2.o)
 .text.writeReg
                0x000014f0       0x50 C:\Users\renan\Documents\LPCXpresso_8.2.2_650\workspace\Lib_EaBaseBoard\Debug\libLib_EaBaseBoard.a(uart2.o)
 .text.uart2_init
                0x00001540       0x54 C:\Users\renan\Documents\LPCXpresso_8.2.2_650\workspace\Lib_EaBaseBoard\Debug\libLib_EaBaseBoard.a(uart2.o)
                0x00001540                uart2_init
 .text.uart2_setBaudRate
                0x00001594       0x5c C:\Users\renan\Documents\LPCXpresso_8.2.2_650\workspace\Lib_EaBaseBoard\Debug\libLib_EaBaseBoard.a(uart2.o)
                0x00001594                uart2_setBaudRate
 .text.ADC_Init
                0x000015f0       0x78 C:\Users\renan\Documents\LPCXpresso_8.2.2_650\workspace\Lib_MCU\Debug\libLib_MCU.a(lpc17xx_adc.o)
                0x000015f0                ADC_Init
 .text.ADC_IntConfig
                0x00001668       0x9c C:\Users\renan\Documents\LPCXpresso_8.2.2_650\workspace\Lib_MCU\Debug\libLib_MCU.a(lpc17xx_adc.o)
                0x00001668                ADC_IntConfig
 .text.ADC_ChannelCmd
                0x00001704       0x60 C:\Users\renan\Documents\LPCXpresso_8.2.2_650\workspace\Lib_MCU\Debug\libLib_MCU.a(lpc17xx_adc.o)
                0x00001704                ADC_ChannelCmd
 .text.CLKPWR_SetPCLKDiv
                0x00001764       0x8c C:\Users\renan\Documents\LPCXpresso_8.2.2_650\workspace\Lib_MCU\Debug\libLib_MCU.a(lpc17xx_clkpwr.o)
                0x00001764                CLKPWR_SetPCLKDiv
 .text.CLKPWR_GetPCLKSEL
                0x000017f0       0x48 C:\Users\renan\Documents\LPCXpresso_8.2.2_650\workspace\Lib_MCU\Debug\libLib_MCU.a(lpc17xx_clkpwr.o)
                0x000017f0                CLKPWR_GetPCLKSEL
 .text.CLKPWR_GetPCLK
                0x00001838       0x64 C:\Users\renan\Documents\LPCXpresso_8.2.2_650\workspace\Lib_MCU\Debug\libLib_MCU.a(lpc17xx_clkpwr.o)
                0x00001838                CLKPWR_GetPCLK
 .text.CLKPWR_ConfigPPWR
                0x0000189c       0x58 C:\Users\renan\Documents\LPCXpresso_8.2.2_650\workspace\Lib_MCU\Debug\libLib_MCU.a(lpc17xx_clkpwr.o)
                0x0000189c                CLKPWR_ConfigPPWR
 .text.GPIO_GetPointer
                0x000018f4       0x70 C:\Users\renan\Documents\LPCXpresso_8.2.2_650\workspace\Lib_MCU\Debug\libLib_MCU.a(lpc17xx_gpio.o)
 .text.GPIO_SetDir
                0x00001964       0x4c C:\Users\renan\Documents\LPCXpresso_8.2.2_650\workspace\Lib_MCU\Debug\libLib_MCU.a(lpc17xx_gpio.o)
                0x00001964                GPIO_SetDir
 .text.GPIO_SetValue
                0x000019b0       0x2c C:\Users\renan\Documents\LPCXpresso_8.2.2_650\workspace\Lib_MCU\Debug\libLib_MCU.a(lpc17xx_gpio.o)
                0x000019b0                GPIO_SetValue
 .text.GPIO_ClearValue
                0x000019dc       0x2c C:\Users\renan\Documents\LPCXpresso_8.2.2_650\workspace\Lib_MCU\Debug\libLib_MCU.a(lpc17xx_gpio.o)
                0x000019dc                GPIO_ClearValue
 .text.GPIO_ReadValue
                0x00001a08       0x2c C:\Users\renan\Documents\LPCXpresso_8.2.2_650\workspace\Lib_MCU\Debug\libLib_MCU.a(lpc17xx_gpio.o)
                0x00001a08                GPIO_ReadValue
 .text.NVIC_EnableIRQ
                0x00001a34       0x30 C:\Users\renan\Documents\LPCXpresso_8.2.2_650\workspace\Lib_MCU\Debug\libLib_MCU.a(lpc17xx_i2c.o)
 .text.NVIC_DisableIRQ
                0x00001a64       0x34 C:\Users\renan\Documents\LPCXpresso_8.2.2_650\workspace\Lib_MCU\Debug\libLib_MCU.a(lpc17xx_i2c.o)
 .text.I2C_getNum
                0x00001a98       0x48 C:\Users\renan\Documents\LPCXpresso_8.2.2_650\workspace\Lib_MCU\Debug\libLib_MCU.a(lpc17xx_i2c.o)
 .text.I2C_Start
                0x00001ae0       0x3c C:\Users\renan\Documents\LPCXpresso_8.2.2_650\workspace\Lib_MCU\Debug\libLib_MCU.a(lpc17xx_i2c.o)
 .text.I2C_Stop
                0x00001b1c       0x30 C:\Users\renan\Documents\LPCXpresso_8.2.2_650\workspace\Lib_MCU\Debug\libLib_MCU.a(lpc17xx_i2c.o)
 .text.I2C_SendByte
                0x00001b4c       0x4c C:\Users\renan\Documents\LPCXpresso_8.2.2_650\workspace\Lib_MCU\Debug\libLib_MCU.a(lpc17xx_i2c.o)
 .text.I2C_GetByte
                0x00001b98       0x54 C:\Users\renan\Documents\LPCXpresso_8.2.2_650\workspace\Lib_MCU\Debug\libLib_MCU.a(lpc17xx_i2c.o)
 .text.I2C_IntCmd
                0x00001bec       0x88 C:\Users\renan\Documents\LPCXpresso_8.2.2_650\workspace\Lib_MCU\Debug\libLib_MCU.a(lpc17xx_i2c.o)
                0x00001bec                I2C_IntCmd
 .text.I2C_MasterHandler
                0x00001c74      0x3a0 C:\Users\renan\Documents\LPCXpresso_8.2.2_650\workspace\Lib_MCU\Debug\libLib_MCU.a(lpc17xx_i2c.o)
                0x00001c74                I2C_MasterHandler
 .text.I2C_SetClock
                0x00002014       0xa4 C:\Users\renan\Documents\LPCXpresso_8.2.2_650\workspace\Lib_MCU\Debug\libLib_MCU.a(lpc17xx_i2c.o)
                0x00002014                I2C_SetClock
 .text.I2C_Init
                0x000020b8       0xa4 C:\Users\renan\Documents\LPCXpresso_8.2.2_650\workspace\Lib_MCU\Debug\libLib_MCU.a(lpc17xx_i2c.o)
                0x000020b8                I2C_Init
 .text.I2C_Cmd  0x0000215c       0x70 C:\Users\renan\Documents\LPCXpresso_8.2.2_650\workspace\Lib_MCU\Debug\libLib_MCU.a(lpc17xx_i2c.o)
                0x0000215c                I2C_Cmd
 .text.I2C_MasterTransferData
                0x000021cc      0x2f8 C:\Users\renan\Documents\LPCXpresso_8.2.2_650\workspace\Lib_MCU\Debug\libLib_MCU.a(lpc17xx_i2c.o)
                0x000021cc                I2C_MasterTransferData
 .text.PINSEL_SetPinFunc
                0x000024c4       0x84 C:\Users\renan\Documents\LPCXpresso_8.2.2_650\workspace\Lib_MCU\Debug\libLib_MCU.a(lpc17xx_pinsel.o)
                0x000024c4                PINSEL_SetPinFunc
 .text.PINSEL_SetResistorMode
                0x00002548       0x84 C:\Users\renan\Documents\LPCXpresso_8.2.2_650\workspace\Lib_MCU\Debug\libLib_MCU.a(lpc17xx_pinsel.o)
                0x00002548                PINSEL_SetResistorMode
 .text.PINSEL_SetOpenDrainMode
                0x000025cc       0x6c C:\Users\renan\Documents\LPCXpresso_8.2.2_650\workspace\Lib_MCU\Debug\libLib_MCU.a(lpc17xx_pinsel.o)
                0x000025cc                PINSEL_SetOpenDrainMode
 .text.PINSEL_ConfigPin
                0x00002638       0x48 C:\Users\renan\Documents\LPCXpresso_8.2.2_650\workspace\Lib_MCU\Debug\libLib_MCU.a(lpc17xx_pinsel.o)
                0x00002638                PINSEL_ConfigPin
 .text.SSP_getNum
                0x00002680       0x38 C:\Users\renan\Documents\LPCXpresso_8.2.2_650\workspace\Lib_MCU\Debug\libLib_MCU.a(lpc17xx_ssp.o)
 .text.SSP_IntHandler
                0x000026b8      0x2cc C:\Users\renan\Documents\LPCXpresso_8.2.2_650\workspace\Lib_MCU\Debug\libLib_MCU.a(lpc17xx_ssp.o)
                0x000026b8                SSP_IntHandler
 .text.SSP_SetClock
                0x00002984       0xc4 C:\Users\renan\Documents\LPCXpresso_8.2.2_650\workspace\Lib_MCU\Debug\libLib_MCU.a(lpc17xx_ssp.o)
                0x00002984                SSP_SetClock
 .text.SSP_Init
                0x00002a48       0xd8 C:\Users\renan\Documents\LPCXpresso_8.2.2_650\workspace\Lib_MCU\Debug\libLib_MCU.a(lpc17xx_ssp.o)
                0x00002a48                SSP_Init
 .text.SSP_ConfigStructInit
                0x00002b20       0x3c C:\Users\renan\Documents\LPCXpresso_8.2.2_650\workspace\Lib_MCU\Debug\libLib_MCU.a(lpc17xx_ssp.o)
                0x00002b20                SSP_ConfigStructInit
 .text.SSP_Cmd  0x00002b5c       0x70 C:\Users\renan\Documents\LPCXpresso_8.2.2_650\workspace\Lib_MCU\Debug\libLib_MCU.a(lpc17xx_ssp.o)
                0x00002b5c                SSP_Cmd
 .text.SSP_SendData
                0x00002bcc       0x40 C:\Users\renan\Documents\LPCXpresso_8.2.2_650\workspace\Lib_MCU\Debug\libLib_MCU.a(lpc17xx_ssp.o)
                0x00002bcc                SSP_SendData
 .text.SSP_ReceiveData
                0x00002c0c       0x3c C:\Users\renan\Documents\LPCXpresso_8.2.2_650\workspace\Lib_MCU\Debug\libLib_MCU.a(lpc17xx_ssp.o)
                0x00002c0c                SSP_ReceiveData
 .text.SSP_ReadWrite
                0x00002c48      0x3c0 C:\Users\renan\Documents\LPCXpresso_8.2.2_650\workspace\Lib_MCU\Debug\libLib_MCU.a(lpc17xx_ssp.o)
                0x00002c48                SSP_ReadWrite
 .text.TIM_GetPClock
                0x00003008       0x58 C:\Users\renan\Documents\LPCXpresso_8.2.2_650\workspace\Lib_MCU\Debug\libLib_MCU.a(lpc17xx_timer.o)
                0x00003008                TIM_GetPClock
 .text.TIM_ConverUSecToVal
                0x00003060       0x58 C:\Users\renan\Documents\LPCXpresso_8.2.2_650\workspace\Lib_MCU\Debug\libLib_MCU.a(lpc17xx_timer.o)
                0x00003060                TIM_ConverUSecToVal
 .text.TIM_ConverPtrToTimeNum
                0x000030b8       0x5c C:\Users\renan\Documents\LPCXpresso_8.2.2_650\workspace\Lib_MCU\Debug\libLib_MCU.a(lpc17xx_timer.o)
                0x000030b8                TIM_ConverPtrToTimeNum
 .text.TIM_GetIntStatus
                0x00003114       0x98 C:\Users\renan\Documents\LPCXpresso_8.2.2_650\workspace\Lib_MCU\Debug\libLib_MCU.a(lpc17xx_timer.o)
                0x00003114                TIM_GetIntStatus
 .text.TIM_ClearIntPending
                0x000031ac       0x8c C:\Users\renan\Documents\LPCXpresso_8.2.2_650\workspace\Lib_MCU\Debug\libLib_MCU.a(lpc17xx_timer.o)
                0x000031ac                TIM_ClearIntPending
 .text.TIM_Init
                0x00003238      0x170 C:\Users\renan\Documents\LPCXpresso_8.2.2_650\workspace\Lib_MCU\Debug\libLib_MCU.a(lpc17xx_timer.o)
                0x00003238                TIM_Init
 .text.TIM_Cmd  0x000033a8       0x70 C:\Users\renan\Documents\LPCXpresso_8.2.2_650\workspace\Lib_MCU\Debug\libLib_MCU.a(lpc17xx_timer.o)
                0x000033a8                TIM_Cmd
 .text.TIM_ConfigMatch
                0x00003418      0x15c C:\Users\renan\Documents\LPCXpresso_8.2.2_650\workspace\Lib_MCU\Debug\libLib_MCU.a(lpc17xx_timer.o)
                0x00003418                TIM_ConfigMatch
 .text.Timer0_Wait
                0x00003574       0x78 C:\Users\renan\Documents\LPCXpresso_8.2.2_650\workspace\Lib_MCU\Debug\libLib_MCU.a(lpc17xx_timer.o)
                0x00003574                Timer0_Wait
 .text.Timer0_us_Wait
                0x000035ec       0x74 C:\Users\renan\Documents\LPCXpresso_8.2.2_650\workspace\Lib_MCU\Debug\libLib_MCU.a(lpc17xx_timer.o)
                0x000035ec                Timer0_us_Wait
 .text.uart_set_divisors
                0x00003660      0x218 C:\Users\renan\Documents\LPCXpresso_8.2.2_650\workspace\Lib_MCU\Debug\libLib_MCU.a(lpc17xx_uart.o)
                0x00003660                uart_set_divisors
 .text.UART_Init
                0x00003878      0x2ec C:\Users\renan\Documents\LPCXpresso_8.2.2_650\workspace\Lib_MCU\Debug\libLib_MCU.a(lpc17xx_uart.o)
                0x00003878                UART_Init
 .text.UART_SendData
                0x00003b64       0x68 C:\Users\renan\Documents\LPCXpresso_8.2.2_650\workspace\Lib_MCU\Debug\libLib_MCU.a(lpc17xx_uart.o)
                0x00003b64                UART_SendData
 .text.UART_ReceiveData
                0x00003bcc       0x64 C:\Users\renan\Documents\LPCXpresso_8.2.2_650\workspace\Lib_MCU\Debug\libLib_MCU.a(lpc17xx_uart.o)
                0x00003bcc                UART_ReceiveData
 .text.UART_TxCmd
                0x00003c30       0xc8 C:\Users\renan\Documents\LPCXpresso_8.2.2_650\workspace\Lib_MCU\Debug\libLib_MCU.a(lpc17xx_uart.o)
                0x00003c30                UART_TxCmd
 .text.UART_Send
                0x00003cf8       0xec C:\Users\renan\Documents\LPCXpresso_8.2.2_650\workspace\Lib_MCU\Debug\libLib_MCU.a(lpc17xx_uart.o)
                0x00003cf8                UART_Send
 .text.UART_SendString
                0x00003de4       0x28 C:\Users\renan\Documents\LPCXpresso_8.2.2_650\workspace\Lib_MCU\Debug\libLib_MCU.a(lpc17xx_uart.o)
                0x00003de4                UART_SendString
 .text.UART_Receive
                0x00003e0c       0xbc C:\Users\renan\Documents\LPCXpresso_8.2.2_650\workspace\Lib_MCU\Debug\libLib_MCU.a(lpc17xx_uart.o)
                0x00003e0c                UART_Receive
 .text          0x00003ec8       0x30 c:/nxp/lpcxpresso_8.2.2_650/lpcxpresso/tools/bin/../lib/gcc/arm-none-eabi/5.4.1/armv7-m\libgcc.a(_aeabi_uldivmod.o)
                0x00003ec8                __aeabi_uldivmod
 .text          0x00003ef8      0x2ec c:/nxp/lpcxpresso_8.2.2_650/lpcxpresso/tools/bin/../lib/gcc/arm-none-eabi/5.4.1/armv7-m\libgcc.a(_udivmoddi4.o)
                0x00003ef8                __udivmoddi4
 .text          0x000041e4        0x4 c:/nxp/lpcxpresso_8.2.2_650/lpcxpresso/tools/bin/../lib/gcc/arm-none-eabi/5.4.1/armv7-m\libgcc.a(_dvmd_tls.o)
                0x000041e4                __aeabi_idiv0
                0x000041e4                __aeabi_ldiv0
 .text          0x000041e8       0xec c:/nxp/lpcxpresso_8.2.2_650/lpcxpresso/tools/bin/../lib/gcc/arm-none-eabi/5.4.1/../../../../arm-none-eabi/lib/armv7-m\libc.a(lib_a-memcpy.o)
                0x000041e8                memcpy
 .text.memset   0x000042d4       0x9c c:/nxp/lpcxpresso_8.2.2_650/lpcxpresso/tools/bin/../lib/gcc/arm-none-eabi/5.4.1/../../../../arm-none-eabi/lib/armv7-m\libc.a(lib_a-memset.o)
                0x000042d4                memset
 .text.strcat   0x00004370       0x40 c:/nxp/lpcxpresso_8.2.2_650/lpcxpresso/tools/bin/../lib/gcc/arm-none-eabi/5.4.1/../../../../arm-none-eabi/lib/armv7-m\libc.a(lib_a-strcat.o)
                0x00004370                strcat
 .text          0x000043b0      0x1bc c:/nxp/lpcxpresso_8.2.2_650/lpcxpresso/tools/bin/../lib/gcc/arm-none-eabi/5.4.1/../../../../arm-none-eabi/lib/armv7-m\libc.a(lib_a-strcmp.o)
                0x000043b0                strcmp
 .text.strcpy   0x0000456c       0xbc c:/nxp/lpcxpresso_8.2.2_650/lpcxpresso/tools/bin/../lib/gcc/arm-none-eabi/5.4.1/../../../../arm-none-eabi/lib/armv7-m\libc.a(lib_a-strcpy.o)
                0x0000456c                strcpy
 .text.strlen   0x00004628       0x5c c:/nxp/lpcxpresso_8.2.2_650/lpcxpresso/tools/bin/../lib/gcc/arm-none-eabi/5.4.1/../../../../arm-none-eabi/lib/armv7-m\libc.a(lib_a-strlen-stub.o)
                0x00004628                strlen
 *(.rodata .rodata.* .constdata .constdata.*)
 .rodata        0x00004684      0x261 ./src/main.o
 *fill*         0x000048e5        0x3 ff
 .rodata        0x000048e8       0x15 C:\Users\renan\Documents\LPCXpresso_8.2.2_650\workspace\Lib_MCU\Debug\libLib_MCU.a(lpc17xx_adc.o)
 *fill*         0x000048fd        0x3 ff
 .rodata        0x00004900       0x15 C:\Users\renan\Documents\LPCXpresso_8.2.2_650\workspace\Lib_MCU\Debug\libLib_MCU.a(lpc17xx_i2c.o)
 *fill*         0x00004915        0x3 ff
 .rodata        0x00004918       0x15 C:\Users\renan\Documents\LPCXpresso_8.2.2_650\workspace\Lib_MCU\Debug\libLib_MCU.a(lpc17xx_ssp.o)
 *fill*         0x0000492d        0x3 ff
 .rodata        0x00004930       0x17 C:\Users\renan\Documents\LPCXpresso_8.2.2_650\workspace\Lib_MCU\Debug\libLib_MCU.a(lpc17xx_timer.o)
 *fill*         0x00004947        0x1 ff
 .rodata        0x00004948       0x16 C:\Users\renan\Documents\LPCXpresso_8.2.2_650\workspace\Lib_MCU\Debug\libLib_MCU.a(lpc17xx_uart.o)
                0x00004960                . = ALIGN (0x4)
 *fill*         0x0000495e        0x2 ff

.glue_7         0x00004960        0x0
 .glue_7        0x00004960        0x0 linker stubs

.glue_7t        0x00004960        0x0
 .glue_7t       0x00004960        0x0 linker stubs

.vfp11_veneer   0x00004960        0x0
 .vfp11_veneer  0x00004960        0x0 linker stubs

.v4_bx          0x00004960        0x0
 .v4_bx         0x00004960        0x0 linker stubs

.iplt           0x00004960        0x0
 .iplt          0x00004960        0x0 ./src/cr_startup_lpc17.o

.ARM.extab
 *(.ARM.extab* .gnu.linkonce.armextab.*)
                0x00004960                __exidx_start = .

.ARM.exidx      0x00004960        0x8
 *(.ARM.exidx* .gnu.linkonce.armexidx.*)
 .ARM.exidx     0x00004960        0x8 c:/nxp/lpcxpresso_8.2.2_650/lpcxpresso/tools/bin/../lib/gcc/arm-none-eabi/5.4.1/armv7-m\libgcc.a(_udivmoddi4.o)
                0x00004968                __exidx_end = .
                0x00004968                _etext = .

.rel.dyn        0x00004968        0x0
 .rel.iplt      0x00004968        0x0 ./src/cr_startup_lpc17.o

.data_RAM2      0x2007c000        0x0 load address 0x00004968
 FILL mask 0xff
                [!provide]                PROVIDE (__start_data_RAM2, .)
 *(.ramfunc.$RAM2)
 *(.ramfunc.$RamAHB32)
 *(.data.$RAM2*)
 *(.data.$RamAHB32*)
                0x2007c000                . = ALIGN (0x4)
                [!provide]                PROVIDE (__end_data_RAM2, .)

.uninit_RESERVED
                0x10000000        0x0
 *(.bss.$RESERVED*)
                0x10000000                . = ALIGN (0x4)
                0x10000000                _end_uninit_RESERVED = .

.data           0x10000000       0x58 load address 0x00004968
 FILL mask 0xff
                0x10000000                _data = .
 *(vtable)
 *(.ramfunc*)
 *(.data*)
 .data          0x10000000       0x54 ./src/main.o
 .data          0x10000054        0x4 C:\Users\renan\Documents\LPCXpresso_8.2.2_650\workspace\Lib_CMSISv1p30_LPC17xx\Debug\libCMSISv1p30_LPC17xx.a(system_LPC17xx.o)
                0x10000054                SystemCoreClock
                0x10000058                . = ALIGN (0x4)
                0x10000058                _edata = .

.igot.plt       0x10000058        0x0 load address 0x000049c0
 .igot.plt      0x10000058        0x0 ./src/cr_startup_lpc17.o

.bss_RAM2       0x2007c000        0x0
                [!provide]                PROVIDE (__start_bss_RAM2, .)
 *(.bss.$RAM2*)
 *(.bss.$RamAHB32*)
                0x2007c000                . = ALIGN ((. != 0x0)?0x4:0x1)
                [!provide]                PROVIDE (__end_bss_RAM2, .)

.bss            0x10000058      0x358
                0x10000058                _bss = .
 *(.bss*)
 .bss           0x10000058       0x12 ./src/main.o
 *fill*         0x1000006a        0x2 
 .bss           0x1000006c      0x300 C:\Users\renan\Documents\LPCXpresso_8.2.2_650\workspace\Lib_EaBaseBoard\Debug\libLib_EaBaseBoard.a(oled.o)
 .bss           0x1000036c        0x6 C:\Users\renan\Documents\LPCXpresso_8.2.2_650\workspace\Lib_EaBaseBoard\Debug\libLib_EaBaseBoard.a(pca9532.o)
 .bss           0x10000372        0x1 C:\Users\renan\Documents\LPCXpresso_8.2.2_650\workspace\Lib_EaBaseBoard\Debug\libLib_EaBaseBoard.a(uart2.o)
 *fill*         0x10000373        0x1 
 .bss           0x10000374       0x24 C:\Users\renan\Documents\LPCXpresso_8.2.2_650\workspace\Lib_MCU\Debug\libLib_MCU.a(lpc17xx_i2c.o)
 .bss           0x10000398       0x18 C:\Users\renan\Documents\LPCXpresso_8.2.2_650\workspace\Lib_MCU\Debug\libLib_MCU.a(lpc17xx_ssp.o)
 *(COMMON)
                0x100003b0                . = ALIGN (0x4)
                0x100003b0                _ebss = .
                [!provide]                PROVIDE (end, .)

.noinit_RAM2    0x2007c000        0x0
 *(.noinit.$RAM2*)
 *(.noinit.$RamAHB32*)
                0x2007c000                . = ALIGN (0x4)

.noinit         0x100003b0        0x0
                0x100003b0                _noinit = .
 *(.noinit*)
                0x100003b0                . = ALIGN (0x4)
                0x100003b0                _end_noinit = .
                [!provide]                PROVIDE (_pvHeapStart, DEFINED (__user_heap_base)?__user_heap_base:.)
                0x10008000                PROVIDE (_vStackTop, DEFINED (__user_stack_top)?__user_stack_top:(__top_RamLoc32 - 0x0))
                [!provide]                PROVIDE (__valid_user_code_checksum, (0x0 - ((((((_vStackTop + (ResetISR + 0x1)) + (NMI_Handler + 0x1)) + (HardFault_Handler + 0x1)) + (DEFINED (MemManage_Handler)?MemManage_Handler:0x0 + 0x1)) + (DEFINED (BusFault_Handler)?BusFault_Handler:0x0 + 0x1)) + (DEFINED (UsageFault_Handler)?UsageFault_Handler:0x0 + 0x1))))
OUTPUT(demo.axf elf32-littlearm)

.debug_info     0x00000000     0x7f4f
 .debug_info    0x00000000      0x1b6 ./src/cr_startup_lpc17.o
 .debug_info    0x000001b6      0xd75 ./src/main.o
 .debug_info    0x00000f2b      0x2e3 C:\Users\renan\Documents\LPCXpresso_8.2.2_650\workspace\Lib_CMSISv1p30_LPC17xx\Debug\libCMSISv1p30_LPC17xx.a(system_LPC17xx.o)
 .debug_info    0x0000120e      0x4ea C:\Users\renan\Documents\LPCXpresso_8.2.2_650\workspace\Lib_EaBaseBoard\Debug\libLib_EaBaseBoard.a(acc.o)
 .debug_info    0x000016f8      0x476 C:\Users\renan\Documents\LPCXpresso_8.2.2_650\workspace\Lib_EaBaseBoard\Debug\libLib_EaBaseBoard.a(eeprom.o)
 .debug_info    0x00001b6e       0xfa C:\Users\renan\Documents\LPCXpresso_8.2.2_650\workspace\Lib_EaBaseBoard\Debug\libLib_EaBaseBoard.a(joystick.o)
 .debug_info    0x00001c68      0x24e C:\Users\renan\Documents\LPCXpresso_8.2.2_650\workspace\Lib_EaBaseBoard\Debug\libLib_EaBaseBoard.a(led7seg.o)
 .debug_info    0x00001eb6      0x915 C:\Users\renan\Documents\LPCXpresso_8.2.2_650\workspace\Lib_EaBaseBoard\Debug\libLib_EaBaseBoard.a(oled.o)
 .debug_info    0x000027cb      0x5d6 C:\Users\renan\Documents\LPCXpresso_8.2.2_650\workspace\Lib_EaBaseBoard\Debug\libLib_EaBaseBoard.a(pca9532.o)
 .debug_info    0x00002da1       0xcf C:\Users\renan\Documents\LPCXpresso_8.2.2_650\workspace\Lib_EaBaseBoard\Debug\libLib_EaBaseBoard.a(rgb.o)
 .debug_info    0x00002e70       0xed C:\Users\renan\Documents\LPCXpresso_8.2.2_650\workspace\Lib_EaBaseBoard\Debug\libLib_EaBaseBoard.a(rotary.o)
 .debug_info    0x00002f5d      0x547 C:\Users\renan\Documents\LPCXpresso_8.2.2_650\workspace\Lib_EaBaseBoard\Debug\libLib_EaBaseBoard.a(uart2.o)
 .debug_info    0x000034a4      0x5da C:\Users\renan\Documents\LPCXpresso_8.2.2_650\workspace\Lib_MCU\Debug\libLib_MCU.a(lpc17xx_adc.o)
 .debug_info    0x00003a7e      0x5a5 C:\Users\renan\Documents\LPCXpresso_8.2.2_650\workspace\Lib_MCU\Debug\libLib_MCU.a(lpc17xx_clkpwr.o)
 .debug_info    0x00004023      0xac9 C:\Users\renan\Documents\LPCXpresso_8.2.2_650\workspace\Lib_MCU\Debug\libLib_MCU.a(lpc17xx_gpio.o)
 .debug_info    0x00004aec      0xc08 C:\Users\renan\Documents\LPCXpresso_8.2.2_650\workspace\Lib_MCU\Debug\libLib_MCU.a(lpc17xx_i2c.o)
 .debug_info    0x000056f4      0x44e C:\Users\renan\Documents\LPCXpresso_8.2.2_650\workspace\Lib_MCU\Debug\libLib_MCU.a(lpc17xx_pinsel.o)
 .debug_info    0x00005b42      0x7e1 C:\Users\renan\Documents\LPCXpresso_8.2.2_650\workspace\Lib_MCU\Debug\libLib_MCU.a(lpc17xx_ssp.o)
 .debug_info    0x00006323      0x86f C:\Users\renan\Documents\LPCXpresso_8.2.2_650\workspace\Lib_MCU\Debug\libLib_MCU.a(lpc17xx_timer.o)
 .debug_info    0x00006b92     0x13bd C:\Users\renan\Documents\LPCXpresso_8.2.2_650\workspace\Lib_MCU\Debug\libLib_MCU.a(lpc17xx_uart.o)

.debug_abbrev   0x00000000     0x1e7f
 .debug_abbrev  0x00000000       0xb9 ./src/cr_startup_lpc17.o
 .debug_abbrev  0x000000b9      0x241 ./src/main.o
 .debug_abbrev  0x000002fa       0xe6 C:\Users\renan\Documents\LPCXpresso_8.2.2_650\workspace\Lib_CMSISv1p30_LPC17xx\Debug\libCMSISv1p30_LPC17xx.a(system_LPC17xx.o)
 .debug_abbrev  0x000003e0      0x16b C:\Users\renan\Documents\LPCXpresso_8.2.2_650\workspace\Lib_EaBaseBoard\Debug\libLib_EaBaseBoard.a(acc.o)
 .debug_abbrev  0x0000054b      0x16d C:\Users\renan\Documents\LPCXpresso_8.2.2_650\workspace\Lib_EaBaseBoard\Debug\libLib_EaBaseBoard.a(eeprom.o)
 .debug_abbrev  0x000006b8       0x95 C:\Users\renan\Documents\LPCXpresso_8.2.2_650\workspace\Lib_EaBaseBoard\Debug\libLib_EaBaseBoard.a(joystick.o)
 .debug_abbrev  0x0000074d      0x15c C:\Users\renan\Documents\LPCXpresso_8.2.2_650\workspace\Lib_EaBaseBoard\Debug\libLib_EaBaseBoard.a(led7seg.o)
 .debug_abbrev  0x000008a9      0x201 C:\Users\renan\Documents\LPCXpresso_8.2.2_650\workspace\Lib_EaBaseBoard\Debug\libLib_EaBaseBoard.a(oled.o)
 .debug_abbrev  0x00000aaa      0x1d7 C:\Users\renan\Documents\LPCXpresso_8.2.2_650\workspace\Lib_EaBaseBoard\Debug\libLib_EaBaseBoard.a(pca9532.o)
 .debug_abbrev  0x00000c81       0x93 C:\Users\renan\Documents\LPCXpresso_8.2.2_650\workspace\Lib_EaBaseBoard\Debug\libLib_EaBaseBoard.a(rgb.o)
 .debug_abbrev  0x00000d14       0xa4 C:\Users\renan\Documents\LPCXpresso_8.2.2_650\workspace\Lib_EaBaseBoard\Debug\libLib_EaBaseBoard.a(rotary.o)
 .debug_abbrev  0x00000db8      0x1d0 C:\Users\renan\Documents\LPCXpresso_8.2.2_650\workspace\Lib_EaBaseBoard\Debug\libLib_EaBaseBoard.a(uart2.o)
 .debug_abbrev  0x00000f88      0x165 C:\Users\renan\Documents\LPCXpresso_8.2.2_650\workspace\Lib_MCU\Debug\libLib_MCU.a(lpc17xx_adc.o)
 .debug_abbrev  0x000010ed      0x1be C:\Users\renan\Documents\LPCXpresso_8.2.2_650\workspace\Lib_MCU\Debug\libLib_MCU.a(lpc17xx_clkpwr.o)
 .debug_abbrev  0x000012ab      0x193 C:\Users\renan\Documents\LPCXpresso_8.2.2_650\workspace\Lib_MCU\Debug\libLib_MCU.a(lpc17xx_gpio.o)
 .debug_abbrev  0x0000143e      0x28b C:\Users\renan\Documents\LPCXpresso_8.2.2_650\workspace\Lib_MCU\Debug\libLib_MCU.a(lpc17xx_i2c.o)
 .debug_abbrev  0x000016c9      0x12b C:\Users\renan\Documents\LPCXpresso_8.2.2_650\workspace\Lib_MCU\Debug\libLib_MCU.a(lpc17xx_pinsel.o)
 .debug_abbrev  0x000017f4      0x1fd C:\Users\renan\Documents\LPCXpresso_8.2.2_650\workspace\Lib_MCU\Debug\libLib_MCU.a(lpc17xx_ssp.o)
 .debug_abbrev  0x000019f1      0x1e2 C:\Users\renan\Documents\LPCXpresso_8.2.2_650\workspace\Lib_MCU\Debug\libLib_MCU.a(lpc17xx_timer.o)
 .debug_abbrev  0x00001bd3      0x2ac C:\Users\renan\Documents\LPCXpresso_8.2.2_650\workspace\Lib_MCU\Debug\libLib_MCU.a(lpc17xx_uart.o)

.debug_aranges  0x00000000      0x940
 .debug_aranges
                0x00000000       0x70 ./src/cr_startup_lpc17.o
 .debug_aranges
                0x00000070       0x98 ./src/main.o
 .debug_aranges
                0x00000108       0x28 C:\Users\renan\Documents\LPCXpresso_8.2.2_650\workspace\Lib_CMSISv1p30_LPC17xx\Debug\libCMSISv1p30_LPC17xx.a(system_LPC17xx.o)
 .debug_aranges
                0x00000130       0x60 C:\Users\renan\Documents\LPCXpresso_8.2.2_650\workspace\Lib_EaBaseBoard\Debug\libLib_EaBaseBoard.a(acc.o)
 .debug_aranges
                0x00000190       0x48 C:\Users\renan\Documents\LPCXpresso_8.2.2_650\workspace\Lib_EaBaseBoard\Debug\libLib_EaBaseBoard.a(eeprom.o)
 .debug_aranges
                0x000001d8       0x28 C:\Users\renan\Documents\LPCXpresso_8.2.2_650\workspace\Lib_EaBaseBoard\Debug\libLib_EaBaseBoard.a(joystick.o)
 .debug_aranges
                0x00000200       0x28 C:\Users\renan\Documents\LPCXpresso_8.2.2_650\workspace\Lib_EaBaseBoard\Debug\libLib_EaBaseBoard.a(led7seg.o)
 .debug_aranges
                0x00000228       0x90 C:\Users\renan\Documents\LPCXpresso_8.2.2_650\workspace\Lib_EaBaseBoard\Debug\libLib_EaBaseBoard.a(oled.o)
 .debug_aranges
                0x000002b8       0x80 C:\Users\renan\Documents\LPCXpresso_8.2.2_650\workspace\Lib_EaBaseBoard\Debug\libLib_EaBaseBoard.a(pca9532.o)
 .debug_aranges
                0x00000338       0x28 C:\Users\renan\Documents\LPCXpresso_8.2.2_650\workspace\Lib_EaBaseBoard\Debug\libLib_EaBaseBoard.a(rgb.o)
 .debug_aranges
                0x00000360       0x28 C:\Users\renan\Documents\LPCXpresso_8.2.2_650\workspace\Lib_EaBaseBoard\Debug\libLib_EaBaseBoard.a(rotary.o)
 .debug_aranges
                0x00000388       0x70 C:\Users\renan\Documents\LPCXpresso_8.2.2_650\workspace\Lib_EaBaseBoard\Debug\libLib_EaBaseBoard.a(uart2.o)
 .debug_aranges
                0x000003f8       0x80 C:\Users\renan\Documents\LPCXpresso_8.2.2_650\workspace\Lib_MCU\Debug\libLib_MCU.a(lpc17xx_adc.o)
 .debug_aranges
                0x00000478       0x60 C:\Users\renan\Documents\LPCXpresso_8.2.2_650\workspace\Lib_MCU\Debug\libLib_MCU.a(lpc17xx_clkpwr.o)
 .debug_aranges
                0x000004d8       0xc8 C:\Users\renan\Documents\LPCXpresso_8.2.2_650\workspace\Lib_MCU\Debug\libLib_MCU.a(lpc17xx_gpio.o)
 .debug_aranges
                0x000005a0       0xd0 C:\Users\renan\Documents\LPCXpresso_8.2.2_650\workspace\Lib_MCU\Debug\libLib_MCU.a(lpc17xx_i2c.o)
 .debug_aranges
                0x00000670       0x48 C:\Users\renan\Documents\LPCXpresso_8.2.2_650\workspace\Lib_MCU\Debug\libLib_MCU.a(lpc17xx_pinsel.o)
 .debug_aranges
                0x000006b8       0xb8 C:\Users\renan\Documents\LPCXpresso_8.2.2_650\workspace\Lib_MCU\Debug\libLib_MCU.a(lpc17xx_ssp.o)
 .debug_aranges
                0x00000770       0xa0 C:\Users\renan\Documents\LPCXpresso_8.2.2_650\workspace\Lib_MCU\Debug\libLib_MCU.a(lpc17xx_timer.o)
 .debug_aranges
                0x00000810      0x130 C:\Users\renan\Documents\LPCXpresso_8.2.2_650\workspace\Lib_MCU\Debug\libLib_MCU.a(lpc17xx_uart.o)

.debug_ranges   0x00000000      0x800
 .debug_ranges  0x00000000       0x60 ./src/cr_startup_lpc17.o
 .debug_ranges  0x00000060       0x88 ./src/main.o
 .debug_ranges  0x000000e8       0x18 C:\Users\renan\Documents\LPCXpresso_8.2.2_650\workspace\Lib_CMSISv1p30_LPC17xx\Debug\libCMSISv1p30_LPC17xx.a(system_LPC17xx.o)
 .debug_ranges  0x00000100       0x50 C:\Users\renan\Documents\LPCXpresso_8.2.2_650\workspace\Lib_EaBaseBoard\Debug\libLib_EaBaseBoard.a(acc.o)
 .debug_ranges  0x00000150       0x38 C:\Users\renan\Documents\LPCXpresso_8.2.2_650\workspace\Lib_EaBaseBoard\Debug\libLib_EaBaseBoard.a(eeprom.o)
 .debug_ranges  0x00000188       0x18 C:\Users\renan\Documents\LPCXpresso_8.2.2_650\workspace\Lib_EaBaseBoard\Debug\libLib_EaBaseBoard.a(joystick.o)
 .debug_ranges  0x000001a0       0x18 C:\Users\renan\Documents\LPCXpresso_8.2.2_650\workspace\Lib_EaBaseBoard\Debug\libLib_EaBaseBoard.a(led7seg.o)
 .debug_ranges  0x000001b8       0x80 C:\Users\renan\Documents\LPCXpresso_8.2.2_650\workspace\Lib_EaBaseBoard\Debug\libLib_EaBaseBoard.a(oled.o)
 .debug_ranges  0x00000238       0x70 C:\Users\renan\Documents\LPCXpresso_8.2.2_650\workspace\Lib_EaBaseBoard\Debug\libLib_EaBaseBoard.a(pca9532.o)
 .debug_ranges  0x000002a8       0x18 C:\Users\renan\Documents\LPCXpresso_8.2.2_650\workspace\Lib_EaBaseBoard\Debug\libLib_EaBaseBoard.a(rgb.o)
 .debug_ranges  0x000002c0       0x18 C:\Users\renan\Documents\LPCXpresso_8.2.2_650\workspace\Lib_EaBaseBoard\Debug\libLib_EaBaseBoard.a(rotary.o)
 .debug_ranges  0x000002d8       0x60 C:\Users\renan\Documents\LPCXpresso_8.2.2_650\workspace\Lib_EaBaseBoard\Debug\libLib_EaBaseBoard.a(uart2.o)
 .debug_ranges  0x00000338       0x70 C:\Users\renan\Documents\LPCXpresso_8.2.2_650\workspace\Lib_MCU\Debug\libLib_MCU.a(lpc17xx_adc.o)
 .debug_ranges  0x000003a8       0x50 C:\Users\renan\Documents\LPCXpresso_8.2.2_650\workspace\Lib_MCU\Debug\libLib_MCU.a(lpc17xx_clkpwr.o)
 .debug_ranges  0x000003f8       0xb8 C:\Users\renan\Documents\LPCXpresso_8.2.2_650\workspace\Lib_MCU\Debug\libLib_MCU.a(lpc17xx_gpio.o)
 .debug_ranges  0x000004b0       0xc0 C:\Users\renan\Documents\LPCXpresso_8.2.2_650\workspace\Lib_MCU\Debug\libLib_MCU.a(lpc17xx_i2c.o)
 .debug_ranges  0x00000570       0x38 C:\Users\renan\Documents\LPCXpresso_8.2.2_650\workspace\Lib_MCU\Debug\libLib_MCU.a(lpc17xx_pinsel.o)
 .debug_ranges  0x000005a8       0xa8 C:\Users\renan\Documents\LPCXpresso_8.2.2_650\workspace\Lib_MCU\Debug\libLib_MCU.a(lpc17xx_ssp.o)
 .debug_ranges  0x00000650       0x90 C:\Users\renan\Documents\LPCXpresso_8.2.2_650\workspace\Lib_MCU\Debug\libLib_MCU.a(lpc17xx_timer.o)
 .debug_ranges  0x000006e0      0x120 C:\Users\renan\Documents\LPCXpresso_8.2.2_650\workspace\Lib_MCU\Debug\libLib_MCU.a(lpc17xx_uart.o)

.debug_macro    0x00000000     0x5ba8
 .debug_macro   0x00000000       0x79 ./src/cr_startup_lpc17.o
 .debug_macro   0x00000079      0x886 ./src/cr_startup_lpc17.o
 .debug_macro   0x000008ff       0x22 ./src/cr_startup_lpc17.o
 .debug_macro   0x00000921       0x87 ./src/cr_startup_lpc17.o
 .debug_macro   0x000009a8       0x44 ./src/cr_startup_lpc17.o
 .debug_macro   0x000009ec       0xfd ./src/cr_startup_lpc17.o
 .debug_macro   0x00000ae9       0x5e ./src/cr_startup_lpc17.o
 .debug_macro   0x00000b47      0x1df ./src/cr_startup_lpc17.o
 .debug_macro   0x00000d26      0x139 ./src/main.o
 .debug_macro   0x00000e5f       0x1c ./src/main.o
 .debug_macro   0x00000e7b       0x22 ./src/main.o
 .debug_macro   0x00000e9d      0x7b7 ./src/main.o
 .debug_macro   0x00001654      0x2c7 ./src/main.o
 .debug_macro   0x0000191b       0x63 ./src/main.o
 .debug_macro   0x0000197e      0x143 ./src/main.o
 .debug_macro   0x00001ac1       0x46 ./src/main.o
 .debug_macro   0x00001b07      0x192 ./src/main.o
 .debug_macro   0x00001c99      0x2af ./src/main.o
 .debug_macro   0x00001f48       0xf4 ./src/main.o
 .debug_macro   0x0000203c       0xe9 ./src/main.o
 .debug_macro   0x00002125       0x28 ./src/main.o
 .debug_macro   0x0000214d       0xb2 ./src/main.o
 .debug_macro   0x000021ff       0x1c ./src/main.o
 .debug_macro   0x0000221b       0x16 ./src/main.o
 .debug_macro   0x00002231       0x1c ./src/main.o
 .debug_macro   0x0000224d       0x16 ./src/main.o
 .debug_macro   0x00002263      0x32a ./src/main.o
 .debug_macro   0x0000258d      0x113 C:\Users\renan\Documents\LPCXpresso_8.2.2_650\workspace\Lib_CMSISv1p30_LPC17xx\Debug\libCMSISv1p30_LPC17xx.a(system_LPC17xx.o)
 .debug_macro   0x000026a0      0x880 C:\Users\renan\Documents\LPCXpresso_8.2.2_650\workspace\Lib_CMSISv1p30_LPC17xx\Debug\libCMSISv1p30_LPC17xx.a(system_LPC17xx.o)
 .debug_macro   0x00002f20       0x10 C:\Users\renan\Documents\LPCXpresso_8.2.2_650\workspace\Lib_CMSISv1p30_LPC17xx\Debug\libCMSISv1p30_LPC17xx.a(system_LPC17xx.o)
 .debug_macro   0x00002f30      0x12d C:\Users\renan\Documents\LPCXpresso_8.2.2_650\workspace\Lib_CMSISv1p30_LPC17xx\Debug\libCMSISv1p30_LPC17xx.a(system_LPC17xx.o)
 .debug_macro   0x0000305d      0x5b2 C:\Users\renan\Documents\LPCXpresso_8.2.2_650\workspace\Lib_CMSISv1p30_LPC17xx\Debug\libCMSISv1p30_LPC17xx.a(system_LPC17xx.o)
 .debug_macro   0x0000360f      0x7d5 C:\Users\renan\Documents\LPCXpresso_8.2.2_650\workspace\Lib_CMSISv1p30_LPC17xx\Debug\libCMSISv1p30_LPC17xx.a(system_LPC17xx.o)
 .debug_macro   0x00003de4      0x162 C:\Users\renan\Documents\LPCXpresso_8.2.2_650\workspace\Lib_EaBaseBoard\Debug\libLib_EaBaseBoard.a(acc.o)
 .debug_macro   0x00003f46      0x18c C:\Users\renan\Documents\LPCXpresso_8.2.2_650\workspace\Lib_EaBaseBoard\Debug\libLib_EaBaseBoard.a(acc.o)
 .debug_macro   0x000040d2       0xd5 C:\Users\renan\Documents\LPCXpresso_8.2.2_650\workspace\Lib_EaBaseBoard\Debug\libLib_EaBaseBoard.a(eeprom.o)
 .debug_macro   0x000041a7       0x9a C:\Users\renan\Documents\LPCXpresso_8.2.2_650\workspace\Lib_EaBaseBoard\Debug\libLib_EaBaseBoard.a(eeprom.o)
 .debug_macro   0x00004241       0x83 C:\Users\renan\Documents\LPCXpresso_8.2.2_650\workspace\Lib_EaBaseBoard\Debug\libLib_EaBaseBoard.a(joystick.o)
 .debug_macro   0x000042c4       0x40 C:\Users\renan\Documents\LPCXpresso_8.2.2_650\workspace\Lib_EaBaseBoard\Debug\libLib_EaBaseBoard.a(joystick.o)
 .debug_macro   0x00004304       0x99 C:\Users\renan\Documents\LPCXpresso_8.2.2_650\workspace\Lib_EaBaseBoard\Debug\libLib_EaBaseBoard.a(led7seg.o)
 .debug_macro   0x0000439d       0xdd C:\Users\renan\Documents\LPCXpresso_8.2.2_650\workspace\Lib_EaBaseBoard\Debug\libLib_EaBaseBoard.a(oled.o)
 .debug_macro   0x0000447a       0x5d C:\Users\renan\Documents\LPCXpresso_8.2.2_650\workspace\Lib_EaBaseBoard\Debug\libLib_EaBaseBoard.a(oled.o)
 .debug_macro   0x000044d7       0xa1 C:\Users\renan\Documents\LPCXpresso_8.2.2_650\workspace\Lib_EaBaseBoard\Debug\libLib_EaBaseBoard.a(pca9532.o)
 .debug_macro   0x00004578       0x83 C:\Users\renan\Documents\LPCXpresso_8.2.2_650\workspace\Lib_EaBaseBoard\Debug\libLib_EaBaseBoard.a(rgb.o)
 .debug_macro   0x000045fb       0xb3 C:\Users\renan\Documents\LPCXpresso_8.2.2_650\workspace\Lib_EaBaseBoard\Debug\libLib_EaBaseBoard.a(rotary.o)
 .debug_macro   0x000046ae      0x10d C:\Users\renan\Documents\LPCXpresso_8.2.2_650\workspace\Lib_EaBaseBoard\Debug\libLib_EaBaseBoard.a(uart2.o)
 .debug_macro   0x000047bb       0x8c C:\Users\renan\Documents\LPCXpresso_8.2.2_650\workspace\Lib_MCU\Debug\libLib_MCU.a(lpc17xx_adc.o)
 .debug_macro   0x00004847       0xee C:\Users\renan\Documents\LPCXpresso_8.2.2_650\workspace\Lib_MCU\Debug\libLib_MCU.a(lpc17xx_adc.o)
 .debug_macro   0x00004935      0x2fe C:\Users\renan\Documents\LPCXpresso_8.2.2_650\workspace\Lib_MCU\Debug\libLib_MCU.a(lpc17xx_adc.o)
 .debug_macro   0x00004c33       0xcb C:\Users\renan\Documents\LPCXpresso_8.2.2_650\workspace\Lib_MCU\Debug\libLib_MCU.a(lpc17xx_adc.o)
 .debug_macro   0x00004cfe       0x7a C:\Users\renan\Documents\LPCXpresso_8.2.2_650\workspace\Lib_MCU\Debug\libLib_MCU.a(lpc17xx_clkpwr.o)
 .debug_macro   0x00004d78      0x2f8 C:\Users\renan\Documents\LPCXpresso_8.2.2_650\workspace\Lib_MCU\Debug\libLib_MCU.a(lpc17xx_clkpwr.o)
 .debug_macro   0x00005070       0x83 C:\Users\renan\Documents\LPCXpresso_8.2.2_650\workspace\Lib_MCU\Debug\libLib_MCU.a(lpc17xx_gpio.o)
 .debug_macro   0x000050f3       0x95 C:\Users\renan\Documents\LPCXpresso_8.2.2_650\workspace\Lib_MCU\Debug\libLib_MCU.a(lpc17xx_i2c.o)
 .debug_macro   0x00005188      0x149 C:\Users\renan\Documents\LPCXpresso_8.2.2_650\workspace\Lib_MCU\Debug\libLib_MCU.a(lpc17xx_i2c.o)
 .debug_macro   0x000052d1       0x7a C:\Users\renan\Documents\LPCXpresso_8.2.2_650\workspace\Lib_MCU\Debug\libLib_MCU.a(lpc17xx_pinsel.o)
 .debug_macro   0x0000534b       0x8c C:\Users\renan\Documents\LPCXpresso_8.2.2_650\workspace\Lib_MCU\Debug\libLib_MCU.a(lpc17xx_ssp.o)
 .debug_macro   0x000053d7      0x2a9 C:\Users\renan\Documents\LPCXpresso_8.2.2_650\workspace\Lib_MCU\Debug\libLib_MCU.a(lpc17xx_ssp.o)
 .debug_macro   0x00005680       0x95 C:\Users\renan\Documents\LPCXpresso_8.2.2_650\workspace\Lib_MCU\Debug\libLib_MCU.a(lpc17xx_timer.o)
 .debug_macro   0x00005715       0xe3 C:\Users\renan\Documents\LPCXpresso_8.2.2_650\workspace\Lib_MCU\Debug\libLib_MCU.a(lpc17xx_timer.o)
 .debug_macro   0x000057f8       0x8c C:\Users\renan\Documents\LPCXpresso_8.2.2_650\workspace\Lib_MCU\Debug\libLib_MCU.a(lpc17xx_uart.o)
 .debug_macro   0x00005884      0x324 C:\Users\renan\Documents\LPCXpresso_8.2.2_650\workspace\Lib_MCU\Debug\libLib_MCU.a(lpc17xx_uart.o)

.debug_line     0x00000000     0x5154
 .debug_line    0x00000000      0x328 ./src/cr_startup_lpc17.o
 .debug_line    0x00000328      0x64b ./src/main.o
 .debug_line    0x00000973      0x203 C:\Users\renan\Documents\LPCXpresso_8.2.2_650\workspace\Lib_CMSISv1p30_LPC17xx\Debug\libCMSISv1p30_LPC17xx.a(system_LPC17xx.o)
 .debug_line    0x00000b76      0x303 C:\Users\renan\Documents\LPCXpresso_8.2.2_650\workspace\Lib_EaBaseBoard\Debug\libLib_EaBaseBoard.a(acc.o)
 .debug_line    0x00000e79      0x318 C:\Users\renan\Documents\LPCXpresso_8.2.2_650\workspace\Lib_EaBaseBoard\Debug\libLib_EaBaseBoard.a(eeprom.o)
 .debug_line    0x00001191      0x266 C:\Users\renan\Documents\LPCXpresso_8.2.2_650\workspace\Lib_EaBaseBoard\Debug\libLib_EaBaseBoard.a(joystick.o)
 .debug_line    0x000013f7      0x276 C:\Users\renan\Documents\LPCXpresso_8.2.2_650\workspace\Lib_EaBaseBoard\Debug\libLib_EaBaseBoard.a(led7seg.o)
 .debug_line    0x0000166d      0x581 C:\Users\renan\Documents\LPCXpresso_8.2.2_650\workspace\Lib_EaBaseBoard\Debug\libLib_EaBaseBoard.a(oled.o)
 .debug_line    0x00001bee      0x396 C:\Users\renan\Documents\LPCXpresso_8.2.2_650\workspace\Lib_EaBaseBoard\Debug\libLib_EaBaseBoard.a(pca9532.o)
 .debug_line    0x00001f84      0x254 C:\Users\renan\Documents\LPCXpresso_8.2.2_650\workspace\Lib_EaBaseBoard\Debug\libLib_EaBaseBoard.a(rgb.o)
 .debug_line    0x000021d8      0x278 C:\Users\renan\Documents\LPCXpresso_8.2.2_650\workspace\Lib_EaBaseBoard\Debug\libLib_EaBaseBoard.a(rotary.o)
 .debug_line    0x00002450      0x39d C:\Users\renan\Documents\LPCXpresso_8.2.2_650\workspace\Lib_EaBaseBoard\Debug\libLib_EaBaseBoard.a(uart2.o)
 .debug_line    0x000027ed      0x3fd C:\Users\renan\Documents\LPCXpresso_8.2.2_650\workspace\Lib_MCU\Debug\libLib_MCU.a(lpc17xx_adc.o)
 .debug_line    0x00002bea      0x2ca C:\Users\renan\Documents\LPCXpresso_8.2.2_650\workspace\Lib_MCU\Debug\libLib_MCU.a(lpc17xx_clkpwr.o)
 .debug_line    0x00002eb4      0x40f C:\Users\renan\Documents\LPCXpresso_8.2.2_650\workspace\Lib_MCU\Debug\libLib_MCU.a(lpc17xx_gpio.o)
 .debug_line    0x000032c3      0x6e4 C:\Users\renan\Documents\LPCXpresso_8.2.2_650\workspace\Lib_MCU\Debug\libLib_MCU.a(lpc17xx_i2c.o)
 .debug_line    0x000039a7      0x269 C:\Users\renan\Documents\LPCXpresso_8.2.2_650\workspace\Lib_MCU\Debug\libLib_MCU.a(lpc17xx_pinsel.o)
 .debug_line    0x00003c10      0x615 C:\Users\renan\Documents\LPCXpresso_8.2.2_650\workspace\Lib_MCU\Debug\libLib_MCU.a(lpc17xx_ssp.o)
 .debug_line    0x00004225      0x59c C:\Users\renan\Documents\LPCXpresso_8.2.2_650\workspace\Lib_MCU\Debug\libLib_MCU.a(lpc17xx_timer.o)
 .debug_line    0x000047c1      0x993 C:\Users\renan\Documents\LPCXpresso_8.2.2_650\workspace\Lib_MCU\Debug\libLib_MCU.a(lpc17xx_uart.o)

.debug_str      0x00000000    0x120c1
 .debug_str     0x00000000     0x3364 ./src/cr_startup_lpc17.o
                               0x34c5 (size before relaxing)
 .debug_str     0x00003364     0x908b ./src/main.o
                               0xc45f (size before relaxing)
 .debug_str     0x0000c3ef     0x1b20 C:\Users\renan\Documents\LPCXpresso_8.2.2_650\workspace\Lib_CMSISv1p30_LPC17xx\Debug\libCMSISv1p30_LPC17xx.a(system_LPC17xx.o)
                               0x7ff5 (size before relaxing)
 .debug_str     0x0000df0f      0x50d C:\Users\renan\Documents\LPCXpresso_8.2.2_650\workspace\Lib_EaBaseBoard\Debug\libLib_EaBaseBoard.a(acc.o)
                               0x8b4d (size before relaxing)
 .debug_str     0x0000e41c      0x31d C:\Users\renan\Documents\LPCXpresso_8.2.2_650\workspace\Lib_EaBaseBoard\Debug\libLib_EaBaseBoard.a(eeprom.o)
                               0x8ad6 (size before relaxing)
 .debug_str     0x0000e739       0x3a C:\Users\renan\Documents\LPCXpresso_8.2.2_650\workspace\Lib_EaBaseBoard\Debug\libLib_EaBaseBoard.a(joystick.o)
                               0x8052 (size before relaxing)
 .debug_str     0x0000e773       0xe8 C:\Users\renan\Documents\LPCXpresso_8.2.2_650\workspace\Lib_EaBaseBoard\Debug\libLib_EaBaseBoard.a(led7seg.o)
                               0x90f0 (size before relaxing)
 .debug_str     0x0000e85b      0x31f C:\Users\renan\Documents\LPCXpresso_8.2.2_650\workspace\Lib_EaBaseBoard\Debug\libLib_EaBaseBoard.a(oled.o)
                               0x9c71 (size before relaxing)
 .debug_str     0x0000eb7a      0x1a3 C:\Users\renan\Documents\LPCXpresso_8.2.2_650\workspace\Lib_EaBaseBoard\Debug\libLib_EaBaseBoard.a(pca9532.o)
                               0x8aea (size before relaxing)
 .debug_str     0x0000ed1d       0x22 C:\Users\renan\Documents\LPCXpresso_8.2.2_650\workspace\Lib_EaBaseBoard\Debug\libLib_EaBaseBoard.a(rgb.o)
                               0x7ff7 (size before relaxing)
 .debug_str     0x0000ed3f       0x95 C:\Users\renan\Documents\LPCXpresso_8.2.2_650\workspace\Lib_EaBaseBoard\Debug\libLib_EaBaseBoard.a(rotary.o)
                               0x806c (size before relaxing)
 .debug_str     0x0000edd4      0x1d8 C:\Users\renan\Documents\LPCXpresso_8.2.2_650\workspace\Lib_EaBaseBoard\Debug\libLib_EaBaseBoard.a(uart2.o)
                               0xa334 (size before relaxing)
 .debug_str     0x0000efac     0x164d C:\Users\renan\Documents\LPCXpresso_8.2.2_650\workspace\Lib_MCU\Debug\libLib_MCU.a(lpc17xx_adc.o)
                               0x9bb7 (size before relaxing)
 .debug_str     0x000105f9      0x119 C:\Users\renan\Documents\LPCXpresso_8.2.2_650\workspace\Lib_MCU\Debug\libLib_MCU.a(lpc17xx_clkpwr.o)
                               0x91e9 (size before relaxing)
 .debug_str     0x00010712      0x33e C:\Users\renan\Documents\LPCXpresso_8.2.2_650\workspace\Lib_MCU\Debug\libLib_MCU.a(lpc17xx_gpio.o)
                               0x8448 (size before relaxing)
 .debug_str     0x00010a50      0x504 C:\Users\renan\Documents\LPCXpresso_8.2.2_650\workspace\Lib_MCU\Debug\libLib_MCU.a(lpc17xx_i2c.o)
                               0xa4cb (size before relaxing)
 .debug_str     0x00010f54      0x214 C:\Users\renan\Documents\LPCXpresso_8.2.2_650\workspace\Lib_MCU\Debug\libLib_MCU.a(lpc17xx_pinsel.o)
                               0x848c (size before relaxing)
 .debug_str     0x00011168      0x1f8 C:\Users\renan\Documents\LPCXpresso_8.2.2_650\workspace\Lib_MCU\Debug\libLib_MCU.a(lpc17xx_ssp.o)
                               0xa438 (size before relaxing)
 .debug_str     0x00011360      0x438 C:\Users\renan\Documents\LPCXpresso_8.2.2_650\workspace\Lib_MCU\Debug\libLib_MCU.a(lpc17xx_timer.o)
                               0xa1bc (size before relaxing)
 .debug_str     0x00011798      0x929 C:\Users\renan\Documents\LPCXpresso_8.2.2_650\workspace\Lib_MCU\Debug\libLib_MCU.a(lpc17xx_uart.o)
                               0xb35a (size before relaxing)

.comment        0x00000000       0x6e
 .comment       0x00000000       0x6e ./src/cr_startup_lpc17.o
                                 0x6f (size before relaxing)
 .comment       0x0000006e       0x6f ./src/main.o
 .comment       0x0000006e       0x6f C:\Users\renan\Documents\LPCXpresso_8.2.2_650\workspace\Lib_CMSISv1p30_LPC17xx\Debug\libCMSISv1p30_LPC17xx.a(system_LPC17xx.o)
 .comment       0x0000006e       0x6f C:\Users\renan\Documents\LPCXpresso_8.2.2_650\workspace\Lib_EaBaseBoard\Debug\libLib_EaBaseBoard.a(acc.o)
 .comment       0x0000006e       0x6f C:\Users\renan\Documents\LPCXpresso_8.2.2_650\workspace\Lib_EaBaseBoard\Debug\libLib_EaBaseBoard.a(eeprom.o)
 .comment       0x0000006e       0x6f C:\Users\renan\Documents\LPCXpresso_8.2.2_650\workspace\Lib_EaBaseBoard\Debug\libLib_EaBaseBoard.a(joystick.o)
 .comment       0x0000006e       0x6f C:\Users\renan\Documents\LPCXpresso_8.2.2_650\workspace\Lib_EaBaseBoard\Debug\libLib_EaBaseBoard.a(led7seg.o)
 .comment       0x0000006e       0x6f C:\Users\renan\Documents\LPCXpresso_8.2.2_650\workspace\Lib_EaBaseBoard\Debug\libLib_EaBaseBoard.a(oled.o)
 .comment       0x0000006e       0x6f C:\Users\renan\Documents\LPCXpresso_8.2.2_650\workspace\Lib_EaBaseBoard\Debug\libLib_EaBaseBoard.a(pca9532.o)
 .comment       0x0000006e       0x6f C:\Users\renan\Documents\LPCXpresso_8.2.2_650\workspace\Lib_EaBaseBoard\Debug\libLib_EaBaseBoard.a(rgb.o)
 .comment       0x0000006e       0x6f C:\Users\renan\Documents\LPCXpresso_8.2.2_650\workspace\Lib_EaBaseBoard\Debug\libLib_EaBaseBoard.a(rotary.o)
 .comment       0x0000006e       0x6f C:\Users\renan\Documents\LPCXpresso_8.2.2_650\workspace\Lib_EaBaseBoard\Debug\libLib_EaBaseBoard.a(uart2.o)
 .comment       0x0000006e       0x6f C:\Users\renan\Documents\LPCXpresso_8.2.2_650\workspace\Lib_MCU\Debug\libLib_MCU.a(lpc17xx_adc.o)
 .comment       0x0000006e       0x6f C:\Users\renan\Documents\LPCXpresso_8.2.2_650\workspace\Lib_MCU\Debug\libLib_MCU.a(lpc17xx_clkpwr.o)
 .comment       0x0000006e       0x6f C:\Users\renan\Documents\LPCXpresso_8.2.2_650\workspace\Lib_MCU\Debug\libLib_MCU.a(lpc17xx_gpio.o)
 .comment       0x0000006e       0x6f C:\Users\renan\Documents\LPCXpresso_8.2.2_650\workspace\Lib_MCU\Debug\libLib_MCU.a(lpc17xx_i2c.o)
 .comment       0x0000006e       0x6f C:\Users\renan\Documents\LPCXpresso_8.2.2_650\workspace\Lib_MCU\Debug\libLib_MCU.a(lpc17xx_pinsel.o)
 .comment       0x0000006e       0x6f C:\Users\renan\Documents\LPCXpresso_8.2.2_650\workspace\Lib_MCU\Debug\libLib_MCU.a(lpc17xx_ssp.o)
 .comment       0x0000006e       0x6f C:\Users\renan\Documents\LPCXpresso_8.2.2_650\workspace\Lib_MCU\Debug\libLib_MCU.a(lpc17xx_timer.o)
 .comment       0x0000006e       0x6f C:\Users\renan\Documents\LPCXpresso_8.2.2_650\workspace\Lib_MCU\Debug\libLib_MCU.a(lpc17xx_uart.o)

.ARM.attributes
                0x00000000       0x31
 .ARM.attributes
                0x00000000       0x33 ./src/cr_startup_lpc17.o
 .ARM.attributes
                0x00000033       0x33 ./src/main.o
 .ARM.attributes
                0x00000066       0x33 C:\Users\renan\Documents\LPCXpresso_8.2.2_650\workspace\Lib_CMSISv1p30_LPC17xx\Debug\libCMSISv1p30_LPC17xx.a(system_LPC17xx.o)
 .ARM.attributes
                0x00000099       0x33 C:\Users\renan\Documents\LPCXpresso_8.2.2_650\workspace\Lib_EaBaseBoard\Debug\libLib_EaBaseBoard.a(acc.o)
 .ARM.attributes
                0x000000cc       0x33 C:\Users\renan\Documents\LPCXpresso_8.2.2_650\workspace\Lib_EaBaseBoard\Debug\libLib_EaBaseBoard.a(eeprom.o)
 .ARM.attributes
                0x000000ff       0x33 C:\Users\renan\Documents\LPCXpresso_8.2.2_650\workspace\Lib_EaBaseBoard\Debug\libLib_EaBaseBoard.a(joystick.o)
 .ARM.attributes
                0x00000132       0x33 C:\Users\renan\Documents\LPCXpresso_8.2.2_650\workspace\Lib_EaBaseBoard\Debug\libLib_EaBaseBoard.a(led7seg.o)
 .ARM.attributes
                0x00000165       0x33 C:\Users\renan\Documents\LPCXpresso_8.2.2_650\workspace\Lib_EaBaseBoard\Debug\libLib_EaBaseBoard.a(oled.o)
 .ARM.attributes
                0x00000198       0x33 C:\Users\renan\Documents\LPCXpresso_8.2.2_650\workspace\Lib_EaBaseBoard\Debug\libLib_EaBaseBoard.a(pca9532.o)
 .ARM.attributes
                0x000001cb       0x33 C:\Users\renan\Documents\LPCXpresso_8.2.2_650\workspace\Lib_EaBaseBoard\Debug\libLib_EaBaseBoard.a(rgb.o)
 .ARM.attributes
                0x000001fe       0x33 C:\Users\renan\Documents\LPCXpresso_8.2.2_650\workspace\Lib_EaBaseBoard\Debug\libLib_EaBaseBoard.a(rotary.o)
 .ARM.attributes
                0x00000231       0x33 C:\Users\renan\Documents\LPCXpresso_8.2.2_650\workspace\Lib_EaBaseBoard\Debug\libLib_EaBaseBoard.a(uart2.o)
 .ARM.attributes
                0x00000264       0x33 C:\Users\renan\Documents\LPCXpresso_8.2.2_650\workspace\Lib_MCU\Debug\libLib_MCU.a(lpc17xx_adc.o)
 .ARM.attributes
                0x00000297       0x33 C:\Users\renan\Documents\LPCXpresso_8.2.2_650\workspace\Lib_MCU\Debug\libLib_MCU.a(lpc17xx_clkpwr.o)
 .ARM.attributes
                0x000002ca       0x33 C:\Users\renan\Documents\LPCXpresso_8.2.2_650\workspace\Lib_MCU\Debug\libLib_MCU.a(lpc17xx_gpio.o)
 .ARM.attributes
                0x000002fd       0x33 C:\Users\renan\Documents\LPCXpresso_8.2.2_650\workspace\Lib_MCU\Debug\libLib_MCU.a(lpc17xx_i2c.o)
 .ARM.attributes
                0x00000330       0x33 C:\Users\renan\Documents\LPCXpresso_8.2.2_650\workspace\Lib_MCU\Debug\libLib_MCU.a(lpc17xx_pinsel.o)
 .ARM.attributes
                0x00000363       0x33 C:\Users\renan\Documents\LPCXpresso_8.2.2_650\workspace\Lib_MCU\Debug\libLib_MCU.a(lpc17xx_ssp.o)
 .ARM.attributes
                0x00000396       0x33 C:\Users\renan\Documents\LPCXpresso_8.2.2_650\workspace\Lib_MCU\Debug\libLib_MCU.a(lpc17xx_timer.o)
 .ARM.attributes
                0x000003c9       0x33 C:\Users\renan\Documents\LPCXpresso_8.2.2_650\workspace\Lib_MCU\Debug\libLib_MCU.a(lpc17xx_uart.o)
 .ARM.attributes
                0x000003fc       0x1d c:/nxp/lpcxpresso_8.2.2_650/lpcxpresso/tools/bin/../lib/gcc/arm-none-eabi/5.4.1/armv7-m\libgcc.a(_aeabi_uldivmod.o)
 .ARM.attributes
                0x00000419       0x2d c:/nxp/lpcxpresso_8.2.2_650/lpcxpresso/tools/bin/../lib/gcc/arm-none-eabi/5.4.1/armv7-m\libgcc.a(_udivmoddi4.o)
 .ARM.attributes
                0x00000446       0x1d c:/nxp/lpcxpresso_8.2.2_650/lpcxpresso/tools/bin/../lib/gcc/arm-none-eabi/5.4.1/armv7-m\libgcc.a(_dvmd_tls.o)
 .ARM.attributes
                0x00000463       0x1b c:/nxp/lpcxpresso_8.2.2_650/lpcxpresso/tools/bin/../lib/gcc/arm-none-eabi/5.4.1/../../../../arm-none-eabi/lib/armv7-m\libc.a(lib_a-memcpy.o)
 .ARM.attributes
                0x0000047e       0x2d c:/nxp/lpcxpresso_8.2.2_650/lpcxpresso/tools/bin/../lib/gcc/arm-none-eabi/5.4.1/../../../../arm-none-eabi/lib/armv7-m\libc.a(lib_a-memset.o)
 .ARM.attributes
                0x000004ab       0x2d c:/nxp/lpcxpresso_8.2.2_650/lpcxpresso/tools/bin/../lib/gcc/arm-none-eabi/5.4.1/../../../../arm-none-eabi/lib/armv7-m\libc.a(lib_a-strcat.o)
 .ARM.attributes
                0x000004d8       0x1b c:/nxp/lpcxpresso_8.2.2_650/lpcxpresso/tools/bin/../lib/gcc/arm-none-eabi/5.4.1/../../../../arm-none-eabi/lib/armv7-m\libc.a(lib_a-strcmp.o)
 .ARM.attributes
                0x000004f3       0x2d c:/nxp/lpcxpresso_8.2.2_650/lpcxpresso/tools/bin/../lib/gcc/arm-none-eabi/5.4.1/../../../../arm-none-eabi/lib/armv7-m\libc.a(lib_a-strcpy.o)
 .ARM.attributes
                0x00000520       0x2d c:/nxp/lpcxpresso_8.2.2_650/lpcxpresso/tools/bin/../lib/gcc/arm-none-eabi/5.4.1/../../../../arm-none-eabi/lib/armv7-m\libc.a(lib_a-strlen-stub.o)

.debug_frame    0x00000000     0x2360
 .debug_frame   0x00000000      0x120 ./src/cr_startup_lpc17.o
 .debug_frame   0x00000120      0x258 ./src/main.o
 .debug_frame   0x00000378       0x64 C:\Users\renan\Documents\LPCXpresso_8.2.2_650\workspace\Lib_CMSISv1p30_LPC17xx\Debug\libCMSISv1p30_LPC17xx.a(system_LPC17xx.o)
 .debug_frame   0x000003dc      0x14c C:\Users\renan\Documents\LPCXpresso_8.2.2_650\workspace\Lib_EaBaseBoard\Debug\libLib_EaBaseBoard.a(acc.o)
 .debug_frame   0x00000528       0xe8 C:\Users\renan\Documents\LPCXpresso_8.2.2_650\workspace\Lib_EaBaseBoard\Debug\libLib_EaBaseBoard.a(eeprom.o)
 .debug_frame   0x00000610       0x50 C:\Users\renan\Documents\LPCXpresso_8.2.2_650\workspace\Lib_EaBaseBoard\Debug\libLib_EaBaseBoard.a(joystick.o)
 .debug_frame   0x00000660       0x50 C:\Users\renan\Documents\LPCXpresso_8.2.2_650\workspace\Lib_EaBaseBoard\Debug\libLib_EaBaseBoard.a(led7seg.o)
 .debug_frame   0x000006b0      0x244 C:\Users\renan\Documents\LPCXpresso_8.2.2_650\workspace\Lib_EaBaseBoard\Debug\libLib_EaBaseBoard.a(oled.o)
 .debug_frame   0x000008f4      0x1e8 C:\Users\renan\Documents\LPCXpresso_8.2.2_650\workspace\Lib_EaBaseBoard\Debug\libLib_EaBaseBoard.a(pca9532.o)
 .debug_frame   0x00000adc       0x50 C:\Users\renan\Documents\LPCXpresso_8.2.2_650\workspace\Lib_EaBaseBoard\Debug\libLib_EaBaseBoard.a(rgb.o)
 .debug_frame   0x00000b2c       0x50 C:\Users\renan\Documents\LPCXpresso_8.2.2_650\workspace\Lib_EaBaseBoard\Debug\libLib_EaBaseBoard.a(rotary.o)
 .debug_frame   0x00000b7c      0x198 C:\Users\renan\Documents\LPCXpresso_8.2.2_650\workspace\Lib_EaBaseBoard\Debug\libLib_EaBaseBoard.a(uart2.o)
 .debug_frame   0x00000d14      0x1e8 C:\Users\renan\Documents\LPCXpresso_8.2.2_650\workspace\Lib_MCU\Debug\libLib_MCU.a(lpc17xx_adc.o)
 .debug_frame   0x00000efc      0x13c C:\Users\renan\Documents\LPCXpresso_8.2.2_650\workspace\Lib_MCU\Debug\libLib_MCU.a(lpc17xx_clkpwr.o)
 .debug_frame   0x00001038      0x344 C:\Users\renan\Documents\LPCXpresso_8.2.2_650\workspace\Lib_MCU\Debug\libLib_MCU.a(lpc17xx_gpio.o)
 .debug_frame   0x0000137c      0x35c C:\Users\renan\Documents\LPCXpresso_8.2.2_650\workspace\Lib_MCU\Debug\libLib_MCU.a(lpc17xx_i2c.o)
 .debug_frame   0x000016d8       0xfc C:\Users\renan\Documents\LPCXpresso_8.2.2_650\workspace\Lib_MCU\Debug\libLib_MCU.a(lpc17xx_pinsel.o)
 .debug_frame   0x000017d4      0x2e0 C:\Users\renan\Documents\LPCXpresso_8.2.2_650\workspace\Lib_MCU\Debug\libLib_MCU.a(lpc17xx_ssp.o)
 .debug_frame   0x00001ab4      0x280 C:\Users\renan\Documents\LPCXpresso_8.2.2_650\workspace\Lib_MCU\Debug\libLib_MCU.a(lpc17xx_timer.o)
 .debug_frame   0x00001d34      0x4f8 C:\Users\renan\Documents\LPCXpresso_8.2.2_650\workspace\Lib_MCU\Debug\libLib_MCU.a(lpc17xx_uart.o)
 .debug_frame   0x0000222c       0x2c c:/nxp/lpcxpresso_8.2.2_650/lpcxpresso/tools/bin/../lib/gcc/arm-none-eabi/5.4.1/armv7-m\libgcc.a(_aeabi_uldivmod.o)
 .debug_frame   0x00002258       0x38 c:/nxp/lpcxpresso_8.2.2_650/lpcxpresso/tools/bin/../lib/gcc/arm-none-eabi/5.4.1/armv7-m\libgcc.a(_udivmoddi4.o)
 .debug_frame   0x00002290       0x34 c:/nxp/lpcxpresso_8.2.2_650/lpcxpresso/tools/bin/../lib/gcc/arm-none-eabi/5.4.1/../../../../arm-none-eabi/lib/armv7-m\libc.a(lib_a-memset.o)
 .debug_frame   0x000022c4       0x28 c:/nxp/lpcxpresso_8.2.2_650/lpcxpresso/tools/bin/../lib/gcc/arm-none-eabi/5.4.1/../../../../arm-none-eabi/lib/armv7-m\libc.a(lib_a-strcat.o)
 .debug_frame   0x000022ec       0x34 c:/nxp/lpcxpresso_8.2.2_650/lpcxpresso/tools/bin/../lib/gcc/arm-none-eabi/5.4.1/../../../../arm-none-eabi/lib/armv7-m\libc.a(lib_a-strcmp.o)
 .debug_frame   0x00002320       0x20 c:/nxp/lpcxpresso_8.2.2_650/lpcxpresso/tools/bin/../lib/gcc/arm-none-eabi/5.4.1/../../../../arm-none-eabi/lib/armv7-m\libc.a(lib_a-strcpy.o)
 .debug_frame   0x00002340       0x20 c:/nxp/lpcxpresso_8.2.2_650/lpcxpresso/tools/bin/../lib/gcc/arm-none-eabi/5.4.1/../../../../arm-none-eabi/lib/armv7-m\libc.a(lib_a-strlen-stub.o)
